C51 COMPILER V9.60.0.0   DOORCODE                                                          01/29/2021 17:18:24 PAGE 1   


C51 COMPILER V9.60.0.0, COMPILATION OF MODULE DOORCODE
OBJECT MODULE PLACED IN .\Objects\doorcode.obj
COMPILER INVOKED BY: C:\Keil_v5\C51\BIN\C51.EXE doorcode.c OPTIMIZE(8,SPEED) BROWSE DEBUG OBJECTEXTEND CODE PRINT(.\List
                    -ings\doorcode.lst) TABS(2) OBJECT(.\Objects\doorcode.obj)

line level    source

   1          #include<reg51.h>
   2          #include<string.h>
   3          //Keypad connections
   4          sbit r1=P1^0;
   5          sbit r2=P1^1;
   6          sbit r3=P1^2;
   7          sbit r4=P1^3;
   8          sbit c1=P1^4;
   9          sbit c2=P1^5;
  10          sbit c3=P1^6;
  11          sbit c4=P1^7;
  12          //LCD control lines
  13          sbit RS = P3^0;
  14          sbit EN = P3^1;
  15          //Motor connections
  16          sbit IN1 =P3^2;
  17          sbit IN2 =P3^3;
  18          sbit IN3 =P3^4;
  19          sbit IN4 =P3^5;
  20          //user defined functions
  21          void lcdcmd(unsigned char); //LCD commands
  22          void lcddat(unsigned char); 
  23          void lcddisplay(unsigned char*); //LCD display
  24          unsigned char password[5]; 
  25          int x=0;
  26          int beep=0;
  27          unsigned char correctpassword[5]="02349"; //this is the correct password
  28          void delay(int);
  29          void check();
  30          void delay (int a){
  31   1          int i,j;
  32   1          for(i=0;i<a;i++){
  33   2              for(j=0;j<1275;j++);
  34   2          }
  35   1      }
  36          void lcdstart(){
  37   1          lcdcmd(0x01); //clear screen
  38   1          lcdcmd(0x38); // 5*7 matrix
  39   1          lcdcmd(0x0E); //display on, cursor blinking
  40   1          lcdcmd(0x80); //force cursor to beginning of first line
  41   1          lcddisplay("DOOR LOCK");
  42   1          lcdcmd(0xc0); //force cursor to beginning of second line
  43   1          lcddisplay("   SYSTEM");
  44   1          delay(1);
  45   1          lcdcmd(0x01); //clear screen
  46   1          lcddisplay("Enter Password");
  47   1          lcdcmd(0xc0); //force cursor to beginning of second line  
  48   1      }
  49          void solve(){
  50   1          lcdstart();
  51   1          while(1){        
  52   2              r1=0;r2=1;r3=1;r4=1;        
  53   2              if(c1==0){            
  54   3                  password[x]='1';
C51 COMPILER V9.60.0.0   DOORCODE                                                          01/29/2021 17:18:24 PAGE 2   

  55   3                  lcddat('*');  
  56   3                  delay(100);
  57   3                  lcdcmd(0x06);     //shift cursor to right        
  58   3                  x++;
  59   3              }
  60   2              if(c2==0){
  61   3                  password[x]='2';
  62   3                  lcddat('*');  
  63   3                  delay(100);
  64   3                  lcdcmd(0x06);     //shift cursor to right  
  65   3                  x++;
  66   3              }
  67   2              if(c3==0){
  68   3                  password[x]='3';
  69   3                  lcddat('*');  
  70   3                  delay(100);
  71   3                  lcdcmd(0x06);      //shift cursor to right      
  72   3                  x++;
  73   3              }
  74   2              r1=1;r2=0;r3=1;r4=1;
  75   2              if(c1==0){
  76   3                  password[x]='4';
  77   3                  lcddat('*');  
  78   3                  delay(100);
  79   3                  lcdcmd(0x06);      //shift cursor to right      
  80   3                  x++;
  81   3              }
  82   2              if(c2==0){
  83   3                  password[x]='5';
  84   3                  lcddat('*');  
  85   3                  delay(100);
  86   3                  lcdcmd(0x06);      //shift cursor to right      
  87   3                  x++;
  88   3              }
  89   2              if(c3==0){
  90   3                  password[x]='6';
  91   3                  lcddat('*');  
  92   3                  delay(100);
  93   3                  lcdcmd(0x06);   //shift cursor to right         
  94   3                  x++;
  95   3              }
  96   2              r1=1;r2=1;r3=0;r4=1;
  97   2              if(c1==0){
  98   3                  password[x]='7';
  99   3                  lcddat('*');  
 100   3                  delay(100);
 101   3                  lcdcmd(0x06);       //shift cursor to right     
 102   3                  x++;
 103   3              }
 104   2              if(c2==0){
 105   3                  password[x]='8';
 106   3                  lcddat('*');  
 107   3                  delay(100);
 108   3                  lcdcmd(0x06);       //shift cursor to right     
 109   3                  x++;
 110   3              }
 111   2              if(c3==0){
 112   3                  password[x]='9';
 113   3                  lcddat('*');  
 114   3                  delay(100);
 115   3                  lcdcmd(0x06);      //shift cursor to right      
 116   3                  x++;
C51 COMPILER V9.60.0.0   DOORCODE                                                          01/29/2021 17:18:24 PAGE 3   

 117   3              }
 118   2              r1=1;r2=1;r3=1;r4=0;
 119   2              if(c2==0){
 120   3                  password[x]='0';
 121   3                  lcddat('*');  
 122   3                  delay(100);
 123   3                  lcdcmd(0x06);         //shift cursor to right   
 124   3                  x++;
 125   3              }
 126   2              if(x==5){
 127   3                  check();
 128   3                  delay(100);
 129   3                  lcdcmd(0x06);       //shift cursor to right
 130   3              }
 131   2              r4=1;
 132   2          }
 133   1      }
 134          void main(){
 135   1          solve();
 136   1      }
 137          void check(){
 138   1          if(password[0]==correctpassword[0]&&
 139   1             password[1]==correctpassword[1]&&
 140   1             password[2]==correctpassword[2]&&            //if entered password matches to set password
 141   1             password[3]==correctpassword[3]&&
 142   1             password[4]==correctpassword[4]){
 143   2                 IN1=1;
 144   2                 IN2=0;
 145   2                 lcdcmd(0x01);
 146   2                 lcdcmd(0x80);
 147   2                 lcddisplay("Password");
 148   2                 lcdcmd(0xc0);
 149   2                 lcddisplay("Matched");
 150   2                 delay(500);
 151   2                 IN1=0;
 152   2                 IN2=0;
 153   2                 x=0;
 154   2                 solve();
 155   2             }
 156   1             else{                                        //if password doesnt match
 157   2                 IN1=0;
 158   2                 IN2=0;
 159   2                 lcdcmd(0x01);
 160   2                 lcdcmd(0x80);
 161   2                 lcddisplay("Wrong");
 162   2                 lcdcmd(0xc0);
 163   2                 lcddisplay("Password");           
 164   2                 for(beep=0;beep<3;beep++){            
 165   3                 IN3=1;
 166   3                 IN4=0;
 167   3                 delay(200);
 168   3                 IN3=0;
 169   3                 IN4=0;
 170   3                 delay(10);
 171   3                 }
 172   2                 x=0;
 173   2                 solve();
 174   2             }
 175   1      }
 176          void lcdcmd(unsigned char cmd){
 177   1          P2=cmd;
 178   1          RS=0;
C51 COMPILER V9.60.0.0   DOORCODE                                                          01/29/2021 17:18:24 PAGE 4   

 179   1          EN=1;
 180   1          delay(1);
 181   1          EN=0;
 182   1      }
 183          void lcddat(unsigned char dat){
 184   1          P2=dat;
 185   1          RS=1;
 186   1          EN=1;
 187   1          delay(1);
 188   1          EN=0;
 189   1      }
 190          void lcddisplay(unsigned char *c){
 191   1        int k;  
 192   1        for(k=0;c[k]!='\0';k++){
 193   2              lcddat(c[k]);
 194   2          }
 195   1          delay(100);
 196   1      }
 197          
 198          
 199          
C51 COMPILER V9.60.0.0   DOORCODE                                                          01/29/2021 17:18:24 PAGE 5   

ASSEMBLY LISTING OF GENERATED OBJECT CODE


             ; FUNCTION L?0053 (BEGIN)
0000 D2B1              SETB    EN
0002         L?0054:
0002 7F01              MOV     R7,#01H
0004 7E00              MOV     R6,#00H
             ; FUNCTION _delay (BEGIN)
                                           ; SOURCE LINE # 30
;---- Variable 'a' assigned to Register 'R6/R7' ----
                                           ; SOURCE LINE # 32
;---- Variable 'i' assigned to Register 'R4/R5' ----
0006 E4                CLR     A
0007 FD                MOV     R5,A
0008 FC                MOV     R4,A
0009         ?C0001:
0009 C3                CLR     C
000A ED                MOV     A,R5
000B 9F                SUBB    A,R7
000C EE                MOV     A,R6
000D 6480              XRL     A,#080H
000F F8                MOV     R0,A
0010 EC                MOV     A,R4
0011 6480              XRL     A,#080H
0013 98                SUBB    A,R0
0014 5015              JNC     ?C0007
                                           ; SOURCE LINE # 33
;---- Variable 'j' assigned to Register 'R2/R3' ----
0016 E4                CLR     A
0017 FB                MOV     R3,A
0018 FA                MOV     R2,A
0019         ?C0004:
0019 0B                INC     R3
001A BB0001            CJNE    R3,#00H,?C0036
001D 0A                INC     R2
001E         ?C0036:
001E BA04F8            CJNE    R2,#04H,?C0004
0021 BBFBF5            CJNE    R3,#0FBH,?C0004
                                           ; SOURCE LINE # 34
0024         ?C0003:
0024 0D                INC     R5
0025 BD0001            CJNE    R5,#00H,?C0037
0028 0C                INC     R4
0029         ?C0037:
0029 80DE              SJMP    ?C0001
                                           ; SOURCE LINE # 35
002B         ?C0007:
002B 22                RET     
             ; FUNCTION _delay (END)

             ; FUNCTION lcdstart (BEGIN)
                                           ; SOURCE LINE # 36
                                           ; SOURCE LINE # 37
0000 7F01              MOV     R7,#01H
0002 120000      R     LCALL   _lcdcmd
                                           ; SOURCE LINE # 38
0005 7F38              MOV     R7,#038H
0007 120000      R     LCALL   _lcdcmd
                                           ; SOURCE LINE # 39
000A 7F0E              MOV     R7,#0EH
000C 120000      R     LCALL   _lcdcmd
C51 COMPILER V9.60.0.0   DOORCODE                                                          01/29/2021 17:18:24 PAGE 6   

                                           ; SOURCE LINE # 40
000F 7F80              MOV     R7,#080H
0011 120000      R     LCALL   _lcdcmd
                                           ; SOURCE LINE # 41
0014 7BFF              MOV     R3,#0FFH
0016 7A00        R     MOV     R2,#HIGH ?SC_0
0018 7900        R     MOV     R1,#LOW ?SC_0
001A 120000      R     LCALL   _lcddisplay
                                           ; SOURCE LINE # 42
001D 7FC0              MOV     R7,#0C0H
001F 120000      R     LCALL   _lcdcmd
                                           ; SOURCE LINE # 43
0022 7BFF              MOV     R3,#0FFH
0024 7A00        R     MOV     R2,#HIGH ?SC_10
0026 7900        R     MOV     R1,#LOW ?SC_10
0028 120000      R     LCALL   _lcddisplay
                                           ; SOURCE LINE # 44
002B 120000      R     LCALL   L?0054
                                           ; SOURCE LINE # 45
002E 120000      R     LCALL   _lcdcmd
                                           ; SOURCE LINE # 46
0031 7BFF              MOV     R3,#0FFH
0033 7A00        R     MOV     R2,#HIGH ?SC_20
0035 7900        R     MOV     R1,#LOW ?SC_20
0037 120000      R     LCALL   _lcddisplay
                                           ; SOURCE LINE # 47
003A 7FC0              MOV     R7,#0C0H
003C 020000      R     LJMP    _lcdcmd
             ; FUNCTION lcdstart (END)

             ; FUNCTION solve (BEGIN)
                                           ; SOURCE LINE # 49
                                           ; SOURCE LINE # 50
0000 120000      R     LCALL   lcdstart
0003         ?C0009:
                                           ; SOURCE LINE # 51
                                           ; SOURCE LINE # 52
0003 C290              CLR     r1
0005 D291              SETB    r2
0007 D292              SETB    r3
0009 D293              SETB    r4
                                           ; SOURCE LINE # 53
000B 209417            JB      c1,?C0011
                                           ; SOURCE LINE # 54
000E 7400        R     MOV     A,#LOW password
0010 2500        R     ADD     A,x+01H
0012 F8                MOV     R0,A
0013 7631              MOV     @R0,#031H
                                           ; SOURCE LINE # 55
0015 7F2A              MOV     R7,#02AH
0017 120000      R     LCALL   _lcddat
                                           ; SOURCE LINE # 56
                                           ; SOURCE LINE # 57
001A 120000      R     LCALL   L?0051
                                           ; SOURCE LINE # 58
001D 0500        R     INC     x+01H
001F E500        R     MOV     A,x+01H
0021 7002              JNZ     ?C0038
0023 0500        R     INC     x
0025         ?C0038:
                                           ; SOURCE LINE # 59
0025         ?C0011:
C51 COMPILER V9.60.0.0   DOORCODE                                                          01/29/2021 17:18:24 PAGE 7   

                                           ; SOURCE LINE # 60
0025 209517            JB      c2,?C0012
                                           ; SOURCE LINE # 61
0028 7400        R     MOV     A,#LOW password
002A 2500        R     ADD     A,x+01H
002C F8                MOV     R0,A
002D 7632              MOV     @R0,#032H
                                           ; SOURCE LINE # 62
002F 7F2A              MOV     R7,#02AH
0031 120000      R     LCALL   _lcddat
                                           ; SOURCE LINE # 63
                                           ; SOURCE LINE # 64
0034 120000      R     LCALL   L?0051
                                           ; SOURCE LINE # 65
0037 0500        R     INC     x+01H
0039 E500        R     MOV     A,x+01H
003B 7002              JNZ     ?C0039
003D 0500        R     INC     x
003F         ?C0039:
                                           ; SOURCE LINE # 66
003F         ?C0012:
                                           ; SOURCE LINE # 67
003F 209617            JB      c3,?C0013
                                           ; SOURCE LINE # 68
0042 7400        R     MOV     A,#LOW password
0044 2500        R     ADD     A,x+01H
0046 F8                MOV     R0,A
0047 7633              MOV     @R0,#033H
                                           ; SOURCE LINE # 69
0049 7F2A              MOV     R7,#02AH
004B 120000      R     LCALL   _lcddat
                                           ; SOURCE LINE # 70
                                           ; SOURCE LINE # 71
004E 120000      R     LCALL   L?0052
                                           ; SOURCE LINE # 72
0051 0500        R     INC     x+01H
0053 E500        R     MOV     A,x+01H
0055 7002              JNZ     ?C0040
0057 0500        R     INC     x
0059         ?C0040:
                                           ; SOURCE LINE # 73
0059         ?C0013:
                                           ; SOURCE LINE # 74
0059 D290              SETB    r1
005B C291              CLR     r2
005D D292              SETB    r3
005F D293              SETB    r4
                                           ; SOURCE LINE # 75
0061 209417            JB      c1,?C0014
                                           ; SOURCE LINE # 76
0064 7400        R     MOV     A,#LOW password
0066 2500        R     ADD     A,x+01H
0068 F8                MOV     R0,A
0069 7634              MOV     @R0,#034H
                                           ; SOURCE LINE # 77
006B 7F2A              MOV     R7,#02AH
006D 120000      R     LCALL   _lcddat
                                           ; SOURCE LINE # 78
                                           ; SOURCE LINE # 79
0070 120000      R     LCALL   L?0052
                                           ; SOURCE LINE # 80
0073 0500        R     INC     x+01H
C51 COMPILER V9.60.0.0   DOORCODE                                                          01/29/2021 17:18:24 PAGE 8   

0075 E500        R     MOV     A,x+01H
0077 7002              JNZ     ?C0041
0079 0500        R     INC     x
007B         ?C0041:
                                           ; SOURCE LINE # 81
007B         ?C0014:
                                           ; SOURCE LINE # 82
007B 209517            JB      c2,?C0015
                                           ; SOURCE LINE # 83
007E 7400        R     MOV     A,#LOW password
0080 2500        R     ADD     A,x+01H
0082 F8                MOV     R0,A
0083 7635              MOV     @R0,#035H
                                           ; SOURCE LINE # 84
0085 7F2A              MOV     R7,#02AH
0087 120000      R     LCALL   _lcddat
                                           ; SOURCE LINE # 85
                                           ; SOURCE LINE # 86
008A 120000      R     LCALL   L?0052
                                           ; SOURCE LINE # 87
008D 0500        R     INC     x+01H
008F E500        R     MOV     A,x+01H
0091 7002              JNZ     ?C0042
0093 0500        R     INC     x
0095         ?C0042:
                                           ; SOURCE LINE # 88
0095         ?C0015:
                                           ; SOURCE LINE # 89
0095 209617            JB      c3,?C0016
                                           ; SOURCE LINE # 90
0098 7400        R     MOV     A,#LOW password
009A 2500        R     ADD     A,x+01H
009C F8                MOV     R0,A
009D 7636              MOV     @R0,#036H
                                           ; SOURCE LINE # 91
009F 7F2A              MOV     R7,#02AH
00A1 120000      R     LCALL   _lcddat
                                           ; SOURCE LINE # 92
                                           ; SOURCE LINE # 93
00A4 120000      R     LCALL   L?0052
                                           ; SOURCE LINE # 94
00A7 0500        R     INC     x+01H
00A9 E500        R     MOV     A,x+01H
00AB 7002              JNZ     ?C0043
00AD 0500        R     INC     x
00AF         ?C0043:
                                           ; SOURCE LINE # 95
00AF         ?C0016:
                                           ; SOURCE LINE # 96
00AF D290              SETB    r1
00B1 D291              SETB    r2
00B3 C292              CLR     r3
00B5 D293              SETB    r4
                                           ; SOURCE LINE # 97
00B7 209417            JB      c1,?C0017
                                           ; SOURCE LINE # 98
00BA 7400        R     MOV     A,#LOW password
00BC 2500        R     ADD     A,x+01H
00BE F8                MOV     R0,A
00BF 7637              MOV     @R0,#037H
                                           ; SOURCE LINE # 99
00C1 7F2A              MOV     R7,#02AH
C51 COMPILER V9.60.0.0   DOORCODE                                                          01/29/2021 17:18:24 PAGE 9   

00C3 120000      R     LCALL   _lcddat
                                           ; SOURCE LINE # 100
                                           ; SOURCE LINE # 101
00C6 120000      R     LCALL   L?0052
                                           ; SOURCE LINE # 102
00C9 0500        R     INC     x+01H
00CB E500        R     MOV     A,x+01H
00CD 7002              JNZ     ?C0044
00CF 0500        R     INC     x
00D1         ?C0044:
                                           ; SOURCE LINE # 103
00D1         ?C0017:
                                           ; SOURCE LINE # 104
00D1 209517            JB      c2,?C0018
                                           ; SOURCE LINE # 105
00D4 7400        R     MOV     A,#LOW password
00D6 2500        R     ADD     A,x+01H
00D8 F8                MOV     R0,A
00D9 7638              MOV     @R0,#038H
                                           ; SOURCE LINE # 106
00DB 7F2A              MOV     R7,#02AH
00DD 120000      R     LCALL   _lcddat
                                           ; SOURCE LINE # 107
                                           ; SOURCE LINE # 108
00E0 120000      R     LCALL   L?0052
                                           ; SOURCE LINE # 109
00E3 0500        R     INC     x+01H
00E5 E500        R     MOV     A,x+01H
00E7 7002              JNZ     ?C0045
00E9 0500        R     INC     x
00EB         ?C0045:
                                           ; SOURCE LINE # 110
00EB         ?C0018:
                                           ; SOURCE LINE # 111
00EB 209617            JB      c3,?C0019
                                           ; SOURCE LINE # 112
00EE 7400        R     MOV     A,#LOW password
00F0 2500        R     ADD     A,x+01H
00F2 F8                MOV     R0,A
00F3 7639              MOV     @R0,#039H
                                           ; SOURCE LINE # 113
00F5 7F2A              MOV     R7,#02AH
00F7 120000      R     LCALL   _lcddat
                                           ; SOURCE LINE # 114
                                           ; SOURCE LINE # 115
00FA 120000      R     LCALL   L?0052
                                           ; SOURCE LINE # 116
00FD 0500        R     INC     x+01H
00FF E500        R     MOV     A,x+01H
0101 7002              JNZ     ?C0046
0103 0500        R     INC     x
0105         ?C0046:
                                           ; SOURCE LINE # 117
0105         ?C0019:
                                           ; SOURCE LINE # 118
0105 D290              SETB    r1
0107 D291              SETB    r2
0109 D292              SETB    r3
010B C293              CLR     r4
                                           ; SOURCE LINE # 119
010D 209517            JB      c2,?C0020
                                           ; SOURCE LINE # 120
C51 COMPILER V9.60.0.0   DOORCODE                                                          01/29/2021 17:18:24 PAGE 10  

0110 7400        R     MOV     A,#LOW password
0112 2500        R     ADD     A,x+01H
0114 F8                MOV     R0,A
0115 7630              MOV     @R0,#030H
                                           ; SOURCE LINE # 121
0117 7F2A              MOV     R7,#02AH
0119 120000      R     LCALL   _lcddat
                                           ; SOURCE LINE # 122
                                           ; SOURCE LINE # 123
011C 120000      R     LCALL   L?0052
                                           ; SOURCE LINE # 124
011F 0500        R     INC     x+01H
0121 E500        R     MOV     A,x+01H
0123 7002              JNZ     ?C0047
0125 0500        R     INC     x
0127         ?C0047:
                                           ; SOURCE LINE # 125
0127         ?C0020:
                                           ; SOURCE LINE # 126
0127 E500        R     MOV     A,x+01H
0129 6405              XRL     A,#05H
012B 4500        R     ORL     A,x
012D 7006              JNZ     ?C0021
                                           ; SOURCE LINE # 127
012F 120000      R     LCALL   check
                                           ; SOURCE LINE # 128
                                           ; SOURCE LINE # 129
0132 120000      R     LCALL   L?0052
                                           ; SOURCE LINE # 130
0135         ?C0021:
                                           ; SOURCE LINE # 131
0135 D293              SETB    r4
                                           ; SOURCE LINE # 132
0137 020000      R     LJMP    ?C0009
             ; FUNCTION solve (END)

             ; FUNCTION main (BEGIN)
                                           ; SOURCE LINE # 134
                                           ; SOURCE LINE # 135
0000 020000      R     LJMP    solve
             ; FUNCTION main (END)

             ; FUNCTION check (BEGIN)
                                           ; SOURCE LINE # 137
                                           ; SOURCE LINE # 138
0000 E500        R     MOV     A,password
0002 6500        R     XRL     A,correctpassword
0004 7044              JNZ     ?C0024
0006 E500        R     MOV     A,password+01H
0008 6500        R     XRL     A,correctpassword+01H
000A 703E              JNZ     ?C0024
000C E500        R     MOV     A,password+02H
000E 6500        R     XRL     A,correctpassword+02H
0010 7038              JNZ     ?C0024
0012 E500        R     MOV     A,password+03H
0014 6500        R     XRL     A,correctpassword+03H
0016 7032              JNZ     ?C0024
0018 E500        R     MOV     A,password+04H
001A 6500        R     XRL     A,correctpassword+04H
001C 702C              JNZ     ?C0024
                                           ; SOURCE LINE # 142
                                           ; SOURCE LINE # 143
C51 COMPILER V9.60.0.0   DOORCODE                                                          01/29/2021 17:18:24 PAGE 11  

001E D2B2              SETB    IN1
                                           ; SOURCE LINE # 144
0020 C2B3              CLR     IN2
                                           ; SOURCE LINE # 145
0022 7F01              MOV     R7,#01H
0024 120000      R     LCALL   _lcdcmd
                                           ; SOURCE LINE # 146
0027 7F80              MOV     R7,#080H
0029 120000      R     LCALL   _lcdcmd
                                           ; SOURCE LINE # 147
002C 120000      R     LCALL   L?0055
                                           ; SOURCE LINE # 148
002F 7FC0              MOV     R7,#0C0H
0031 120000      R     LCALL   _lcdcmd
                                           ; SOURCE LINE # 149
0034 7BFF              MOV     R3,#0FFH
0036 7A00        R     MOV     R2,#HIGH ?SC_44
0038 7900        R     MOV     R1,#LOW ?SC_44
003A 120000      R     LCALL   _lcddisplay
                                           ; SOURCE LINE # 150
003D 7FF4              MOV     R7,#0F4H
003F 7E01              MOV     R6,#01H
0041 120000      R     LCALL   _delay
                                           ; SOURCE LINE # 151
0044 C2B2              CLR     IN1
                                           ; SOURCE LINE # 152
0046 C2B3              CLR     IN2
                                           ; SOURCE LINE # 153
                                           ; SOURCE LINE # 154
                                           ; SOURCE LINE # 155
0048 804B              SJMP    ?C0050
004A         ?C0024:
                                           ; SOURCE LINE # 156
                                           ; SOURCE LINE # 157
004A C2B2              CLR     IN1
                                           ; SOURCE LINE # 158
004C C2B3              CLR     IN2
                                           ; SOURCE LINE # 159
004E 7F01              MOV     R7,#01H
0050 120000      R     LCALL   _lcdcmd
                                           ; SOURCE LINE # 160
0053 7F80              MOV     R7,#080H
0055 120000      R     LCALL   _lcdcmd
                                           ; SOURCE LINE # 161
0058 7BFF              MOV     R3,#0FFH
005A 7A00        R     MOV     R2,#HIGH ?SC_52
005C 7900        R     MOV     R1,#LOW ?SC_52
005E 120000      R     LCALL   _lcddisplay
                                           ; SOURCE LINE # 162
0061 7FC0              MOV     R7,#0C0H
0063 120000      R     LCALL   _lcdcmd
                                           ; SOURCE LINE # 163
0066 120000      R     LCALL   L?0055
                                           ; SOURCE LINE # 164
0069 E4                CLR     A
006A F500        R     MOV     beep,A
006C F500        R     MOV     beep+01H,A
006E         ?C0026:
                                           ; SOURCE LINE # 165
006E D2B4              SETB    IN3
                                           ; SOURCE LINE # 166
0070 C2B5              CLR     IN4
C51 COMPILER V9.60.0.0   DOORCODE                                                          01/29/2021 17:18:24 PAGE 12  

                                           ; SOURCE LINE # 167
0072 7FC8              MOV     R7,#0C8H
0074 7E00              MOV     R6,#00H
0076 120000      R     LCALL   _delay
                                           ; SOURCE LINE # 168
0079 C2B4              CLR     IN3
                                           ; SOURCE LINE # 169
007B C2B5              CLR     IN4
                                           ; SOURCE LINE # 170
007D 7F0A              MOV     R7,#0AH
007F 120000      R     LCALL   _delay
                                           ; SOURCE LINE # 171
0082 0500        R     INC     beep+01H
0084 E500        R     MOV     A,beep+01H
0086 7002              JNZ     ?C0048
0088 0500        R     INC     beep
008A         ?C0048:
008A C3                CLR     C
008B 9403              SUBB    A,#03H
008D E500        R     MOV     A,beep
008F 6480              XRL     A,#080H
0091 9480              SUBB    A,#080H
0093 40D9              JC      ?C0026
0095         ?C0027:
                                           ; SOURCE LINE # 172
0095         ?C0050:
0095 E4                CLR     A
0096 F500        R     MOV     x,A
0098 F500        R     MOV     x+01H,A
                                           ; SOURCE LINE # 173
009A 120000      R     LCALL   solve
                                           ; SOURCE LINE # 174
                                           ; SOURCE LINE # 175
009D         ?C0029:
009D 22                RET     
             ; FUNCTION check (END)

             ; FUNCTION L?0051 (BEGIN)
0000         L?0052:
0000 7F64              MOV     R7,#064H
0002 7E00              MOV     R6,#00H
0004 120000      R     LCALL   _delay
0007 7F06              MOV     R7,#06H
             ; FUNCTION _lcdcmd (BEGIN)
                                           ; SOURCE LINE # 176
;---- Variable 'cmd' assigned to Register 'R7' ----
                                           ; SOURCE LINE # 177
0009 8FA0              MOV     P2,R7
                                           ; SOURCE LINE # 178
000B C2B0              CLR     RS
                                           ; SOURCE LINE # 179
                                           ; SOURCE LINE # 180
000D 120000      R     LCALL   L?0053
                                           ; SOURCE LINE # 181
0010 C2B1              CLR     EN
                                           ; SOURCE LINE # 182
0012 22                RET     
             ; FUNCTION _lcdcmd (END)

             ; FUNCTION _lcddat (BEGIN)
                                           ; SOURCE LINE # 183
;---- Variable 'dat' assigned to Register 'R7' ----
C51 COMPILER V9.60.0.0   DOORCODE                                                          01/29/2021 17:18:24 PAGE 13  

                                           ; SOURCE LINE # 184
0000 8FA0              MOV     P2,R7
                                           ; SOURCE LINE # 185
0002 D2B0              SETB    RS
                                           ; SOURCE LINE # 186
                                           ; SOURCE LINE # 187
0004 120000      R     LCALL   L?0053
                                           ; SOURCE LINE # 188
0007 C2B1              CLR     EN
                                           ; SOURCE LINE # 189
0009 22                RET     
             ; FUNCTION _lcddat (END)

             ; FUNCTION L?0055 (BEGIN)
0000 7BFF              MOV     R3,#0FFH
0002 7A00        R     MOV     R2,#HIGH ?SC_35
0004 7900        R     MOV     R1,#LOW ?SC_35
             ; FUNCTION _lcddisplay (BEGIN)
                                           ; SOURCE LINE # 190
0006 8B00        R     MOV     c,R3
0008 8A00        R     MOV     c+01H,R2
000A 8900        R     MOV     c+02H,R1
                                           ; SOURCE LINE # 192
000C E4                CLR     A
000D F500        R     MOV     k,A
000F F500        R     MOV     k+01H,A
0011         ?C0032:
0011 AB00        R     MOV     R3,c
0013 AA00        R     MOV     R2,c+01H
0015 A900        R     MOV     R1,c+02H
0017 850082      R     MOV     DPL,k+01H
001A 850083      R     MOV     DPH,k
001D 120000      E     LCALL   ?C?CLDOPTR
0020 FF                MOV     R7,A
0021 600D              JZ      ?C0033
                                           ; SOURCE LINE # 193
0023 120000      R     LCALL   _lcddat
                                           ; SOURCE LINE # 194
0026 0500        R     INC     k+01H
0028 E500        R     MOV     A,k+01H
002A 70E5              JNZ     ?C0032
002C 0500        R     INC     k
002E         ?C0049:
002E 80E1              SJMP    ?C0032
0030         ?C0033:
                                           ; SOURCE LINE # 195
0030 7F64              MOV     R7,#064H
0032 7E00              MOV     R6,#00H
0034 020000      R     LJMP    _delay
             ; FUNCTION _lcddisplay (END)



MODULE INFORMATION:   STATIC OVERLAYABLE
   CODE SIZE        =    666    ----
   CONSTANT SIZE    =     58    ----
   XDATA SIZE       =   ----    ----
   PDATA SIZE       =   ----    ----
   DATA SIZE        =     14       5
   IDATA SIZE       =   ----    ----
   BIT SIZE         =   ----    ----
END OF MODULE INFORMATION.

C51 COMPILER V9.60.0.0   DOORCODE                                                          01/29/2021 17:18:24 PAGE 14  


C51 COMPILATION COMPLETE.  0 WARNING(S),  0 ERROR(S)
